mode: set
github.com/D4ROVAN1E/LR_3_Go/singlylist/singly_list.go:23.53,25.2 1 1
github.com/D4ROVAN1E/LR_3_Go/singlylist/singly_list.go:28.53,30.19 2 1
github.com/D4ROVAN1E/LR_3_Go/singlylist/singly_list.go:30.19,32.3 1 1
github.com/D4ROVAN1E/LR_3_Go/singlylist/singly_list.go:34.2,38.26 4 1
github.com/D4ROVAN1E/LR_3_Go/singlylist/singly_list.go:38.26,42.3 3 1
github.com/D4ROVAN1E/LR_3_Go/singlylist/singly_list.go:43.2,43.16 1 1
github.com/D4ROVAN1E/LR_3_Go/singlylist/singly_list.go:47.66,48.16 1 1
github.com/D4ROVAN1E/LR_3_Go/singlylist/singly_list.go:48.16,50.3 1 1
github.com/D4ROVAN1E/LR_3_Go/singlylist/singly_list.go:51.2,53.12 3 1
github.com/D4ROVAN1E/LR_3_Go/singlylist/singly_list.go:57.45,59.2 1 1
github.com/D4ROVAN1E/LR_3_Go/singlylist/singly_list.go:62.34,63.19 1 1
github.com/D4ROVAN1E/LR_3_Go/singlylist/singly_list.go:63.19,66.3 2 1
github.com/D4ROVAN1E/LR_3_Go/singlylist/singly_list.go:67.2,68.21 2 1
github.com/D4ROVAN1E/LR_3_Go/singlylist/singly_list.go:68.21,71.3 2 1
github.com/D4ROVAN1E/LR_3_Go/singlylist/singly_list.go:72.2,72.20 1 1
github.com/D4ROVAN1E/LR_3_Go/singlylist/singly_list.go:76.50,77.19 1 1
github.com/D4ROVAN1E/LR_3_Go/singlylist/singly_list.go:77.19,79.3 1 1
github.com/D4ROVAN1E/LR_3_Go/singlylist/singly_list.go:80.2,82.21 3 1
github.com/D4ROVAN1E/LR_3_Go/singlylist/singly_list.go:82.21,85.3 2 1
github.com/D4ROVAN1E/LR_3_Go/singlylist/singly_list.go:86.2,87.24 2 1
github.com/D4ROVAN1E/LR_3_Go/singlylist/singly_list.go:91.42,94.2 2 1
github.com/D4ROVAN1E/LR_3_Go/singlylist/singly_list.go:97.42,99.19 2 1
github.com/D4ROVAN1E/LR_3_Go/singlylist/singly_list.go:99.19,102.3 2 1
github.com/D4ROVAN1E/LR_3_Go/singlylist/singly_list.go:103.2,104.26 2 1
github.com/D4ROVAN1E/LR_3_Go/singlylist/singly_list.go:104.26,106.3 1 1
github.com/D4ROVAN1E/LR_3_Go/singlylist/singly_list.go:107.2,107.24 1 1
github.com/D4ROVAN1E/LR_3_Go/singlylist/singly_list.go:111.66,112.19 1 1
github.com/D4ROVAN1E/LR_3_Go/singlylist/singly_list.go:112.19,114.3 1 1
github.com/D4ROVAN1E/LR_3_Go/singlylist/singly_list.go:116.2,116.29 1 1
github.com/D4ROVAN1E/LR_3_Go/singlylist/singly_list.go:116.29,119.3 2 1
github.com/D4ROVAN1E/LR_3_Go/singlylist/singly_list.go:121.2,122.59 2 1
github.com/D4ROVAN1E/LR_3_Go/singlylist/singly_list.go:122.59,124.3 1 1
github.com/D4ROVAN1E/LR_3_Go/singlylist/singly_list.go:126.2,126.25 1 1
github.com/D4ROVAN1E/LR_3_Go/singlylist/singly_list.go:126.25,128.3 1 1
github.com/D4ROVAN1E/LR_3_Go/singlylist/singly_list.go:129.2,129.43 1 1
github.com/D4ROVAN1E/LR_3_Go/singlylist/singly_list.go:133.42,134.19 1 1
github.com/D4ROVAN1E/LR_3_Go/singlylist/singly_list.go:134.19,136.3 1 1
github.com/D4ROVAN1E/LR_3_Go/singlylist/singly_list.go:137.2,138.12 2 1
github.com/D4ROVAN1E/LR_3_Go/singlylist/singly_list.go:142.42,143.19 1 1
github.com/D4ROVAN1E/LR_3_Go/singlylist/singly_list.go:143.19,145.3 1 1
github.com/D4ROVAN1E/LR_3_Go/singlylist/singly_list.go:147.2,147.24 1 1
github.com/D4ROVAN1E/LR_3_Go/singlylist/singly_list.go:147.24,150.3 2 1
github.com/D4ROVAN1E/LR_3_Go/singlylist/singly_list.go:152.2,153.31 2 1
github.com/D4ROVAN1E/LR_3_Go/singlylist/singly_list.go:153.31,155.3 1 1
github.com/D4ROVAN1E/LR_3_Go/singlylist/singly_list.go:156.2,157.12 2 1
github.com/D4ROVAN1E/LR_3_Go/singlylist/singly_list.go:161.56,162.16 1 1
github.com/D4ROVAN1E/LR_3_Go/singlylist/singly_list.go:162.16,164.3 1 1
github.com/D4ROVAN1E/LR_3_Go/singlylist/singly_list.go:165.2,165.21 1 1
github.com/D4ROVAN1E/LR_3_Go/singlylist/singly_list.go:165.21,167.3 1 1
github.com/D4ROVAN1E/LR_3_Go/singlylist/singly_list.go:168.2,169.12 2 1
github.com/D4ROVAN1E/LR_3_Go/singlylist/singly_list.go:173.55,174.19 1 1
github.com/D4ROVAN1E/LR_3_Go/singlylist/singly_list.go:174.19,176.3 1 1
github.com/D4ROVAN1E/LR_3_Go/singlylist/singly_list.go:177.2,177.29 1 1
github.com/D4ROVAN1E/LR_3_Go/singlylist/singly_list.go:177.29,179.3 1 1
github.com/D4ROVAN1E/LR_3_Go/singlylist/singly_list.go:180.2,180.24 1 1
github.com/D4ROVAN1E/LR_3_Go/singlylist/singly_list.go:180.24,182.3 1 0
github.com/D4ROVAN1E/LR_3_Go/singlylist/singly_list.go:184.2,184.34 1 1
github.com/D4ROVAN1E/LR_3_Go/singlylist/singly_list.go:184.34,186.3 1 1
github.com/D4ROVAN1E/LR_3_Go/singlylist/singly_list.go:188.2,191.54 3 1
github.com/D4ROVAN1E/LR_3_Go/singlylist/singly_list.go:191.54,192.41 1 1
github.com/D4ROVAN1E/LR_3_Go/singlylist/singly_list.go:192.41,196.4 3 1
github.com/D4ROVAN1E/LR_3_Go/singlylist/singly_list.go:197.3,197.25 1 1
github.com/D4ROVAN1E/LR_3_Go/singlylist/singly_list.go:200.2,200.12 1 1
github.com/D4ROVAN1E/LR_3_Go/singlylist/singly_list.go:200.12,202.3 1 1
github.com/D4ROVAN1E/LR_3_Go/singlylist/singly_list.go:203.2,203.12 1 0
github.com/D4ROVAN1E/LR_3_Go/singlylist/singly_list.go:207.50,208.19 1 1
github.com/D4ROVAN1E/LR_3_Go/singlylist/singly_list.go:208.19,210.3 1 1
github.com/D4ROVAN1E/LR_3_Go/singlylist/singly_list.go:212.2,212.23 1 1
github.com/D4ROVAN1E/LR_3_Go/singlylist/singly_list.go:212.23,214.3 1 1
github.com/D4ROVAN1E/LR_3_Go/singlylist/singly_list.go:216.2,217.53 2 1
github.com/D4ROVAN1E/LR_3_Go/singlylist/singly_list.go:217.53,219.3 1 0
github.com/D4ROVAN1E/LR_3_Go/singlylist/singly_list.go:221.2,221.25 1 1
github.com/D4ROVAN1E/LR_3_Go/singlylist/singly_list.go:221.25,224.3 2 1
github.com/D4ROVAN1E/LR_3_Go/singlylist/singly_list.go:225.2,225.61 1 1
github.com/D4ROVAN1E/LR_3_Go/singlylist/singly_list.go:229.54,231.21 2 1
github.com/D4ROVAN1E/LR_3_Go/singlylist/singly_list.go:231.21,232.25 1 1
github.com/D4ROVAN1E/LR_3_Go/singlylist/singly_list.go:232.25,234.4 1 1
github.com/D4ROVAN1E/LR_3_Go/singlylist/singly_list.go:235.3,235.25 1 1
github.com/D4ROVAN1E/LR_3_Go/singlylist/singly_list.go:237.2,237.12 1 1
github.com/D4ROVAN1E/LR_3_Go/singlylist/singly_list.go:241.54,243.16 2 1
github.com/D4ROVAN1E/LR_3_Go/singlylist/singly_list.go:243.16,245.3 1 1
github.com/D4ROVAN1E/LR_3_Go/singlylist/singly_list.go:246.2,249.21 3 1
github.com/D4ROVAN1E/LR_3_Go/singlylist/singly_list.go:249.21,250.66 1 1
github.com/D4ROVAN1E/LR_3_Go/singlylist/singly_list.go:250.66,252.4 1 0
github.com/D4ROVAN1E/LR_3_Go/singlylist/singly_list.go:253.3,253.25 1 1
github.com/D4ROVAN1E/LR_3_Go/singlylist/singly_list.go:255.2,255.12 1 1
github.com/D4ROVAN1E/LR_3_Go/singlylist/singly_list.go:259.54,261.16 2 1
github.com/D4ROVAN1E/LR_3_Go/singlylist/singly_list.go:261.16,263.3 1 1
github.com/D4ROVAN1E/LR_3_Go/singlylist/singly_list.go:264.2,271.6 5 1
github.com/D4ROVAN1E/LR_3_Go/singlylist/singly_list.go:271.6,273.20 2 1
github.com/D4ROVAN1E/LR_3_Go/singlylist/singly_list.go:273.20,274.9 1 1
github.com/D4ROVAN1E/LR_3_Go/singlylist/singly_list.go:276.3,276.17 1 1
github.com/D4ROVAN1E/LR_3_Go/singlylist/singly_list.go:276.17,278.4 1 1
github.com/D4ROVAN1E/LR_3_Go/singlylist/singly_list.go:280.3,280.12 1 1
github.com/D4ROVAN1E/LR_3_Go/singlylist/singly_list.go:280.12,283.4 2 1
github.com/D4ROVAN1E/LR_3_Go/singlylist/singly_list.go:283.9,285.4 1 1
github.com/D4ROVAN1E/LR_3_Go/singlylist/singly_list.go:287.2,287.12 1 1
github.com/D4ROVAN1E/LR_3_Go/singlylist/singly_list.go:291.59,293.16 2 1
github.com/D4ROVAN1E/LR_3_Go/singlylist/singly_list.go:293.16,295.3 1 1
github.com/D4ROVAN1E/LR_3_Go/singlylist/singly_list.go:296.2,300.21 4 1
github.com/D4ROVAN1E/LR_3_Go/singlylist/singly_list.go:300.21,303.3 2 1
github.com/D4ROVAN1E/LR_3_Go/singlylist/singly_list.go:305.2,306.47 2 1
github.com/D4ROVAN1E/LR_3_Go/singlylist/singly_list.go:306.47,308.3 1 0
github.com/D4ROVAN1E/LR_3_Go/singlylist/singly_list.go:309.2,309.12 1 1
github.com/D4ROVAN1E/LR_3_Go/singlylist/singly_list.go:313.61,315.16 2 1
github.com/D4ROVAN1E/LR_3_Go/singlylist/singly_list.go:315.16,317.3 1 1
github.com/D4ROVAN1E/LR_3_Go/singlylist/singly_list.go:318.2,323.48 5 1
github.com/D4ROVAN1E/LR_3_Go/singlylist/singly_list.go:323.48,325.20 1 1
github.com/D4ROVAN1E/LR_3_Go/singlylist/singly_list.go:325.20,327.4 1 1
github.com/D4ROVAN1E/LR_3_Go/singlylist/singly_list.go:328.3,328.58 1 1
github.com/D4ROVAN1E/LR_3_Go/singlylist/singly_list.go:331.2,331.29 1 1
github.com/D4ROVAN1E/LR_3_Go/singlylist/singly_list.go:331.29,332.13 1 1
github.com/D4ROVAN1E/LR_3_Go/singlylist/singly_list.go:332.13,334.4 1 1
github.com/D4ROVAN1E/LR_3_Go/singlylist/singly_list.go:334.9,336.4 1 1
github.com/D4ROVAN1E/LR_3_Go/singlylist/singly_list.go:338.2,338.12 1 1
github.com/D4ROVAN1E/LR_3_Go/dhash/dh.go:26.64,27.15 1 1
github.com/D4ROVAN1E/LR_3_Go/dhash/dh.go:27.15,29.3 1 1
github.com/D4ROVAN1E/LR_3_Go/dhash/dh.go:30.2,34.8 1 1
github.com/D4ROVAN1E/LR_3_Go/dhash/dh.go:38.51,40.32 2 1
github.com/D4ROVAN1E/LR_3_Go/dhash/dh.go:40.32,42.3 1 1
github.com/D4ROVAN1E/LR_3_Go/dhash/dh.go:44.2,48.57 4 1
github.com/D4ROVAN1E/LR_3_Go/dhash/dh.go:52.51,54.32 2 1
github.com/D4ROVAN1E/LR_3_Go/dhash/dh.go:54.32,56.3 1 1
github.com/D4ROVAN1E/LR_3_Go/dhash/dh.go:58.2,61.42 2 1
github.com/D4ROVAN1E/LR_3_Go/dhash/dh.go:61.42,63.3 1 1
github.com/D4ROVAN1E/LR_3_Go/dhash/dh.go:64.2,64.15 1 1
github.com/D4ROVAN1E/LR_3_Go/dhash/dh.go:68.44,69.23 1 1
github.com/D4ROVAN1E/LR_3_Go/dhash/dh.go:69.23,71.3 1 0
github.com/D4ROVAN1E/LR_3_Go/dhash/dh.go:72.2,72.66 1 1
github.com/D4ROVAN1E/LR_3_Go/dhash/dh.go:76.35,84.39 6 1
github.com/D4ROVAN1E/LR_3_Go/dhash/dh.go:84.39,85.29 1 1
github.com/D4ROVAN1E/LR_3_Go/dhash/dh.go:85.29,87.4 1 1
github.com/D4ROVAN1E/LR_3_Go/dhash/dh.go:92.60,93.21 1 1
github.com/D4ROVAN1E/LR_3_Go/dhash/dh.go:93.21,95.3 1 1
github.com/D4ROVAN1E/LR_3_Go/dhash/dh.go:97.2,101.23 4 1
github.com/D4ROVAN1E/LR_3_Go/dhash/dh.go:101.23,105.34 2 1
github.com/D4ROVAN1E/LR_3_Go/dhash/dh.go:105.34,109.4 3 1
github.com/D4ROVAN1E/LR_3_Go/dhash/dh.go:112.3,112.33 1 1
github.com/D4ROVAN1E/LR_3_Go/dhash/dh.go:112.33,115.4 2 1
github.com/D4ROVAN1E/LR_3_Go/dhash/dh.go:117.3,117.6 1 1
github.com/D4ROVAN1E/LR_3_Go/dhash/dh.go:120.2,120.67 1 0
github.com/D4ROVAN1E/LR_3_Go/dhash/dh.go:124.46,125.27 1 1
github.com/D4ROVAN1E/LR_3_Go/dhash/dh.go:125.27,127.3 1 0
github.com/D4ROVAN1E/LR_3_Go/dhash/dh.go:129.2,133.23 4 1
github.com/D4ROVAN1E/LR_3_Go/dhash/dh.go:133.23,136.34 2 1
github.com/D4ROVAN1E/LR_3_Go/dhash/dh.go:136.34,138.4 1 1
github.com/D4ROVAN1E/LR_3_Go/dhash/dh.go:140.3,140.33 1 1
github.com/D4ROVAN1E/LR_3_Go/dhash/dh.go:140.33,142.4 1 1
github.com/D4ROVAN1E/LR_3_Go/dhash/dh.go:143.3,143.6 1 1
github.com/D4ROVAN1E/LR_3_Go/dhash/dh.go:145.2,145.12 1 0
github.com/D4ROVAN1E/LR_3_Go/dhash/dh.go:149.50,150.27 1 1
github.com/D4ROVAN1E/LR_3_Go/dhash/dh.go:150.27,152.3 1 1
github.com/D4ROVAN1E/LR_3_Go/dhash/dh.go:154.2,158.23 4 1
github.com/D4ROVAN1E/LR_3_Go/dhash/dh.go:158.23,161.34 2 1
github.com/D4ROVAN1E/LR_3_Go/dhash/dh.go:161.34,163.4 1 1
github.com/D4ROVAN1E/LR_3_Go/dhash/dh.go:165.3,165.33 1 1
github.com/D4ROVAN1E/LR_3_Go/dhash/dh.go:165.33,173.4 6 1
github.com/D4ROVAN1E/LR_3_Go/dhash/dh.go:174.3,174.6 1 0
github.com/D4ROVAN1E/LR_3_Go/dhash/dh.go:176.2,176.14 1 0
github.com/D4ROVAN1E/LR_3_Go/dhash/dh.go:180.40,182.2 1 1
github.com/D4ROVAN1E/LR_3_Go/dhash/dh.go:185.39,187.2 1 1
github.com/D4ROVAN1E/LR_3_Go/dhash/dh.go:190.34,193.2 2 1
github.com/D4ROVAN1E/LR_3_Go/dhash/dh.go:196.34,199.44 3 1
github.com/D4ROVAN1E/LR_3_Go/dhash/dh.go:199.44,200.29 1 1
github.com/D4ROVAN1E/LR_3_Go/dhash/dh.go:200.29,202.4 1 1
github.com/D4ROVAN1E/LR_3_Go/dhash/dh.go:204.2,204.36 1 1
github.com/D4ROVAN1E/LR_3_Go/dhash/dh.go:208.63,210.16 2 1
github.com/D4ROVAN1E/LR_3_Go/dhash/dh.go:210.16,212.3 1 1
github.com/D4ROVAN1E/LR_3_Go/dhash/dh.go:213.2,215.88 2 1
github.com/D4ROVAN1E/LR_3_Go/dhash/dh.go:215.88,217.3 1 0
github.com/D4ROVAN1E/LR_3_Go/dhash/dh.go:219.2,219.44 1 1
github.com/D4ROVAN1E/LR_3_Go/dhash/dh.go:219.44,220.29 1 1
github.com/D4ROVAN1E/LR_3_Go/dhash/dh.go:220.29,222.100 1 1
github.com/D4ROVAN1E/LR_3_Go/dhash/dh.go:222.100,224.5 1 0
github.com/D4ROVAN1E/LR_3_Go/dhash/dh.go:227.2,228.12 2 1
github.com/D4ROVAN1E/LR_3_Go/dhash/dh.go:232.65,234.16 2 1
github.com/D4ROVAN1E/LR_3_Go/dhash/dh.go:234.16,236.3 1 1
github.com/D4ROVAN1E/LR_3_Go/dhash/dh.go:237.2,240.77 3 1
github.com/D4ROVAN1E/LR_3_Go/dhash/dh.go:240.77,242.3 1 1
github.com/D4ROVAN1E/LR_3_Go/dhash/dh.go:244.2,244.23 1 1
github.com/D4ROVAN1E/LR_3_Go/dhash/dh.go:244.23,246.3 1 1
github.com/D4ROVAN1E/LR_3_Go/dhash/dh.go:249.2,253.6 4 1
github.com/D4ROVAN1E/LR_3_Go/dhash/dh.go:253.6,260.17 5 1
github.com/D4ROVAN1E/LR_3_Go/dhash/dh.go:260.17,262.28 1 1
github.com/D4ROVAN1E/LR_3_Go/dhash/dh.go:262.28,263.10 1 1
github.com/D4ROVAN1E/LR_3_Go/dhash/dh.go:265.4,265.52 1 1
github.com/D4ROVAN1E/LR_3_Go/dhash/dh.go:268.3,268.26 1 1
github.com/D4ROVAN1E/LR_3_Go/dhash/dh.go:268.26,270.4 1 1
github.com/D4ROVAN1E/LR_3_Go/dhash/dh.go:272.3,272.72 1 1
github.com/D4ROVAN1E/LR_3_Go/dhash/dh.go:275.2,276.12 2 1
github.com/D4ROVAN1E/LR_3_Go/dhash/dh.go:280.62,282.16 2 1
github.com/D4ROVAN1E/LR_3_Go/dhash/dh.go:282.16,284.3 1 1
github.com/D4ROVAN1E/LR_3_Go/dhash/dh.go:285.2,288.78 2 1
github.com/D4ROVAN1E/LR_3_Go/dhash/dh.go:288.78,290.3 1 0
github.com/D4ROVAN1E/LR_3_Go/dhash/dh.go:291.2,291.82 1 1
github.com/D4ROVAN1E/LR_3_Go/dhash/dh.go:291.82,293.3 1 0
github.com/D4ROVAN1E/LR_3_Go/dhash/dh.go:295.2,295.44 1 1
github.com/D4ROVAN1E/LR_3_Go/dhash/dh.go:295.44,299.75 2 1
github.com/D4ROVAN1E/LR_3_Go/dhash/dh.go:299.75,301.4 1 0
github.com/D4ROVAN1E/LR_3_Go/dhash/dh.go:303.3,303.15 1 1
github.com/D4ROVAN1E/LR_3_Go/dhash/dh.go:303.15,307.74 3 1
github.com/D4ROVAN1E/LR_3_Go/dhash/dh.go:307.74,309.5 1 0
github.com/D4ROVAN1E/LR_3_Go/dhash/dh.go:312.4,312.50 1 1
github.com/D4ROVAN1E/LR_3_Go/dhash/dh.go:312.50,314.5 1 0
github.com/D4ROVAN1E/LR_3_Go/dhash/dh.go:317.4,317.85 1 1
github.com/D4ROVAN1E/LR_3_Go/dhash/dh.go:317.85,319.5 1 0
github.com/D4ROVAN1E/LR_3_Go/dhash/dh.go:323.2,324.12 2 1
github.com/D4ROVAN1E/LR_3_Go/dhash/dh.go:328.64,330.16 2 1
github.com/D4ROVAN1E/LR_3_Go/dhash/dh.go:330.16,332.3 1 1
github.com/D4ROVAN1E/LR_3_Go/dhash/dh.go:333.2,337.78 3 1
github.com/D4ROVAN1E/LR_3_Go/dhash/dh.go:337.78,339.3 1 1
github.com/D4ROVAN1E/LR_3_Go/dhash/dh.go:340.2,340.82 1 1
github.com/D4ROVAN1E/LR_3_Go/dhash/dh.go:340.82,342.3 1 0
github.com/D4ROVAN1E/LR_3_Go/dhash/dh.go:344.2,348.44 4 1
github.com/D4ROVAN1E/LR_3_Go/dhash/dh.go:348.44,351.75 2 1
github.com/D4ROVAN1E/LR_3_Go/dhash/dh.go:351.75,353.4 1 1
github.com/D4ROVAN1E/LR_3_Go/dhash/dh.go:355.3,355.15 1 1
github.com/D4ROVAN1E/LR_3_Go/dhash/dh.go:355.15,358.74 2 1
github.com/D4ROVAN1E/LR_3_Go/dhash/dh.go:358.74,360.5 1 1
github.com/D4ROVAN1E/LR_3_Go/dhash/dh.go:363.4,364.55 2 1
github.com/D4ROVAN1E/LR_3_Go/dhash/dh.go:364.55,366.5 1 1
github.com/D4ROVAN1E/LR_3_Go/dhash/dh.go:367.4,371.73 3 1
github.com/D4ROVAN1E/LR_3_Go/dhash/dh.go:371.73,373.5 1 1
github.com/D4ROVAN1E/LR_3_Go/dhash/dh.go:375.4,375.71 1 1
github.com/D4ROVAN1E/LR_3_Go/dhash/dh.go:376.9,378.4 1 1
github.com/D4ROVAN1E/LR_3_Go/dhash/dh.go:381.2,382.12 2 1
github.com/D4ROVAN1E/LR_3_Go/stack/stack.go:16.34,20.2 1 1
github.com/D4ROVAN1E/LR_3_Go/stack/stack.go:23.62,24.14 1 1
github.com/D4ROVAN1E/LR_3_Go/stack/stack.go:24.14,26.3 1 1
github.com/D4ROVAN1E/LR_3_Go/stack/stack.go:27.2,29.8 1 1
github.com/D4ROVAN1E/LR_3_Go/stack/stack.go:33.34,35.2 1 1
github.com/D4ROVAN1E/LR_3_Go/stack/stack.go:38.37,40.22 2 1
github.com/D4ROVAN1E/LR_3_Go/stack/stack.go:40.22,42.3 1 1
github.com/D4ROVAN1E/LR_3_Go/stack/stack.go:44.2,50.17 4 1
github.com/D4ROVAN1E/LR_3_Go/stack/stack.go:54.31,56.2 1 1
github.com/D4ROVAN1E/LR_3_Go/stack/stack.go:59.28,60.27 1 1
github.com/D4ROVAN1E/LR_3_Go/stack/stack.go:60.27,62.3 1 1
github.com/D4ROVAN1E/LR_3_Go/stack/stack.go:63.2,63.15 1 1
github.com/D4ROVAN1E/LR_3_Go/stack/stack.go:67.38,71.2 3 1
github.com/D4ROVAN1E/LR_3_Go/stack/stack.go:74.52,76.16 2 1
github.com/D4ROVAN1E/LR_3_Go/stack/stack.go:76.16,78.3 1 1
github.com/D4ROVAN1E/LR_3_Go/stack/stack.go:79.2,82.59 2 1
github.com/D4ROVAN1E/LR_3_Go/stack/stack.go:82.59,84.3 1 0
github.com/D4ROVAN1E/LR_3_Go/stack/stack.go:87.2,87.27 1 1
github.com/D4ROVAN1E/LR_3_Go/stack/stack.go:87.27,88.56 1 1
github.com/D4ROVAN1E/LR_3_Go/stack/stack.go:88.56,90.4 1 0
github.com/D4ROVAN1E/LR_3_Go/stack/stack.go:92.2,93.12 2 1
github.com/D4ROVAN1E/LR_3_Go/stack/stack.go:97.52,99.16 2 1
github.com/D4ROVAN1E/LR_3_Go/stack/stack.go:99.16,101.3 1 1
github.com/D4ROVAN1E/LR_3_Go/stack/stack.go:102.2,105.50 3 1
github.com/D4ROVAN1E/LR_3_Go/stack/stack.go:105.50,107.3 1 1
github.com/D4ROVAN1E/LR_3_Go/stack/stack.go:110.2,112.28 2 1
github.com/D4ROVAN1E/LR_3_Go/stack/stack.go:112.28,115.50 2 1
github.com/D4ROVAN1E/LR_3_Go/stack/stack.go:115.50,117.4 1 1
github.com/D4ROVAN1E/LR_3_Go/stack/stack.go:118.3,118.14 1 1
github.com/D4ROVAN1E/LR_3_Go/stack/stack.go:121.2,122.12 2 1
github.com/D4ROVAN1E/LR_3_Go/stack/stack.go:126.54,128.16 2 1
github.com/D4ROVAN1E/LR_3_Go/stack/stack.go:128.16,130.3 1 1
github.com/D4ROVAN1E/LR_3_Go/stack/stack.go:131.2,134.47 3 1
github.com/D4ROVAN1E/LR_3_Go/stack/stack.go:134.47,136.3 1 1
github.com/D4ROVAN1E/LR_3_Go/stack/stack.go:138.2,139.12 2 1
github.com/D4ROVAN1E/LR_3_Go/stack/stack.go:143.54,145.16 2 1
github.com/D4ROVAN1E/LR_3_Go/stack/stack.go:145.16,147.3 1 1
github.com/D4ROVAN1E/LR_3_Go/stack/stack.go:148.2,152.49 4 1
github.com/D4ROVAN1E/LR_3_Go/stack/stack.go:152.49,154.3 1 1
github.com/D4ROVAN1E/LR_3_Go/stack/stack.go:156.2,158.12 3 1
github.com/D4ROVAN1E/LR_3_Go/binarytree/binary_tree.go:31.60,33.2 1 1
github.com/D4ROVAN1E/LR_3_Go/binarytree/binary_tree.go:36.52,38.2 1 1
github.com/D4ROVAN1E/LR_3_Go/binarytree/binary_tree.go:41.45,44.19 2 1
github.com/D4ROVAN1E/LR_3_Go/binarytree/binary_tree.go:44.19,47.3 2 1
github.com/D4ROVAN1E/LR_3_Go/binarytree/binary_tree.go:49.2,52.21 3 1
github.com/D4ROVAN1E/LR_3_Go/binarytree/binary_tree.go:52.21,54.26 2 1
github.com/D4ROVAN1E/LR_3_Go/binarytree/binary_tree.go:54.26,56.4 1 1
github.com/D4ROVAN1E/LR_3_Go/binarytree/binary_tree.go:56.9,58.4 1 1
github.com/D4ROVAN1E/LR_3_Go/binarytree/binary_tree.go:61.2,61.24 1 1
github.com/D4ROVAN1E/LR_3_Go/binarytree/binary_tree.go:61.24,63.3 1 1
github.com/D4ROVAN1E/LR_3_Go/binarytree/binary_tree.go:63.8,65.3 1 1
github.com/D4ROVAN1E/LR_3_Go/binarytree/binary_tree.go:69.43,70.19 1 1
github.com/D4ROVAN1E/LR_3_Go/binarytree/binary_tree.go:70.19,72.3 1 1
github.com/D4ROVAN1E/LR_3_Go/binarytree/binary_tree.go:73.2,73.32 1 1
github.com/D4ROVAN1E/LR_3_Go/binarytree/binary_tree.go:76.61,81.25 3 1
github.com/D4ROVAN1E/LR_3_Go/binarytree/binary_tree.go:81.25,83.3 1 1
github.com/D4ROVAN1E/LR_3_Go/binarytree/binary_tree.go:85.2,85.25 1 1
github.com/D4ROVAN1E/LR_3_Go/binarytree/binary_tree.go:85.25,87.3 1 1
github.com/D4ROVAN1E/LR_3_Go/binarytree/binary_tree.go:89.2,89.13 1 1
github.com/D4ROVAN1E/LR_3_Go/binarytree/binary_tree.go:93.56,97.2 3 1
github.com/D4ROVAN1E/LR_3_Go/binarytree/binary_tree.go:99.71,100.17 1 1
github.com/D4ROVAN1E/LR_3_Go/binarytree/binary_tree.go:100.17,102.3 1 1
github.com/D4ROVAN1E/LR_3_Go/binarytree/binary_tree.go:103.2,106.16 4 1
github.com/D4ROVAN1E/LR_3_Go/binarytree/binary_tree.go:111.66,112.16 1 1
github.com/D4ROVAN1E/LR_3_Go/binarytree/binary_tree.go:113.9,114.25 1 1
github.com/D4ROVAN1E/LR_3_Go/binarytree/binary_tree.go:115.9,117.18 2 1
github.com/D4ROVAN1E/LR_3_Go/binarytree/binary_tree.go:118.9,120.18 2 1
github.com/D4ROVAN1E/LR_3_Go/binarytree/binary_tree.go:121.9,123.18 2 1
github.com/D4ROVAN1E/LR_3_Go/binarytree/binary_tree.go:124.9,125.31 1 1
github.com/D4ROVAN1E/LR_3_Go/binarytree/binary_tree.go:126.10,127.64 1 1
github.com/D4ROVAN1E/LR_3_Go/binarytree/binary_tree.go:129.2,129.12 1 1
github.com/D4ROVAN1E/LR_3_Go/binarytree/binary_tree.go:134.60,135.19 1 1
github.com/D4ROVAN1E/LR_3_Go/binarytree/binary_tree.go:135.19,137.3 1 1
github.com/D4ROVAN1E/LR_3_Go/binarytree/binary_tree.go:139.2,141.21 2 1
github.com/D4ROVAN1E/LR_3_Go/binarytree/binary_tree.go:141.21,147.26 4 1
github.com/D4ROVAN1E/LR_3_Go/binarytree/binary_tree.go:147.26,149.4 1 1
github.com/D4ROVAN1E/LR_3_Go/binarytree/binary_tree.go:150.3,150.27 1 1
github.com/D4ROVAN1E/LR_3_Go/binarytree/binary_tree.go:150.27,152.4 1 1
github.com/D4ROVAN1E/LR_3_Go/binarytree/binary_tree.go:154.2,154.17 1 1
github.com/D4ROVAN1E/LR_3_Go/binarytree/binary_tree.go:157.79,158.17 1 1
github.com/D4ROVAN1E/LR_3_Go/binarytree/binary_tree.go:158.17,162.3 3 1
github.com/D4ROVAN1E/LR_3_Go/binarytree/binary_tree.go:165.78,166.17 1 1
github.com/D4ROVAN1E/LR_3_Go/binarytree/binary_tree.go:166.17,170.3 3 1
github.com/D4ROVAN1E/LR_3_Go/binarytree/binary_tree.go:173.80,174.17 1 1
github.com/D4ROVAN1E/LR_3_Go/binarytree/binary_tree.go:174.17,178.3 3 1
github.com/D4ROVAN1E/LR_3_Go/binarytree/binary_tree.go:183.77,184.17 1 1
github.com/D4ROVAN1E/LR_3_Go/binarytree/binary_tree.go:184.17,187.3 2 1
github.com/D4ROVAN1E/LR_3_Go/binarytree/binary_tree.go:188.2,190.50 3 1
github.com/D4ROVAN1E/LR_3_Go/binarytree/binary_tree.go:193.106,194.17 1 1
github.com/D4ROVAN1E/LR_3_Go/binarytree/binary_tree.go:194.17,196.13 2 1
github.com/D4ROVAN1E/LR_3_Go/binarytree/binary_tree.go:196.13,198.4 1 1
github.com/D4ROVAN1E/LR_3_Go/binarytree/binary_tree.go:198.9,200.4 1 1
github.com/D4ROVAN1E/LR_3_Go/binarytree/binary_tree.go:201.3,204.13 3 1
github.com/D4ROVAN1E/LR_3_Go/binarytree/binary_tree.go:204.13,206.4 1 1
github.com/D4ROVAN1E/LR_3_Go/binarytree/binary_tree.go:206.9,208.4 1 1
github.com/D4ROVAN1E/LR_3_Go/binarytree/binary_tree.go:210.3,211.58 2 1
github.com/D4ROVAN1E/LR_3_Go/binarytree/binary_tree.go:217.61,219.16 2 1
github.com/D4ROVAN1E/LR_3_Go/binarytree/binary_tree.go:219.16,221.3 1 1
github.com/D4ROVAN1E/LR_3_Go/binarytree/binary_tree.go:222.2,224.19 2 1
github.com/D4ROVAN1E/LR_3_Go/binarytree/binary_tree.go:224.19,226.3 1 1
github.com/D4ROVAN1E/LR_3_Go/binarytree/binary_tree.go:228.2,229.21 2 1
github.com/D4ROVAN1E/LR_3_Go/binarytree/binary_tree.go:229.21,233.66 3 1
github.com/D4ROVAN1E/LR_3_Go/binarytree/binary_tree.go:233.66,235.4 1 0
github.com/D4ROVAN1E/LR_3_Go/binarytree/binary_tree.go:237.3,237.26 1 1
github.com/D4ROVAN1E/LR_3_Go/binarytree/binary_tree.go:237.26,239.4 1 1
github.com/D4ROVAN1E/LR_3_Go/binarytree/binary_tree.go:240.3,240.27 1 1
github.com/D4ROVAN1E/LR_3_Go/binarytree/binary_tree.go:240.27,242.4 1 1
github.com/D4ROVAN1E/LR_3_Go/binarytree/binary_tree.go:244.2,244.12 1 1
github.com/D4ROVAN1E/LR_3_Go/binarytree/binary_tree.go:247.61,249.16 2 1
github.com/D4ROVAN1E/LR_3_Go/binarytree/binary_tree.go:249.16,251.3 1 1
github.com/D4ROVAN1E/LR_3_Go/binarytree/binary_tree.go:252.2,258.6 4 1
github.com/D4ROVAN1E/LR_3_Go/binarytree/binary_tree.go:258.6,261.20 2 1
github.com/D4ROVAN1E/LR_3_Go/binarytree/binary_tree.go:261.20,262.9 1 1
github.com/D4ROVAN1E/LR_3_Go/binarytree/binary_tree.go:264.3,264.17 1 1
github.com/D4ROVAN1E/LR_3_Go/binarytree/binary_tree.go:264.17,266.4 1 1
github.com/D4ROVAN1E/LR_3_Go/binarytree/binary_tree.go:267.3,267.18 1 1
github.com/D4ROVAN1E/LR_3_Go/binarytree/binary_tree.go:269.2,269.12 1 1
github.com/D4ROVAN1E/LR_3_Go/binarytree/binary_tree.go:274.63,276.16 2 1
github.com/D4ROVAN1E/LR_3_Go/binarytree/binary_tree.go:276.16,278.3 1 1
github.com/D4ROVAN1E/LR_3_Go/binarytree/binary_tree.go:279.2,281.41 2 1
github.com/D4ROVAN1E/LR_3_Go/binarytree/binary_tree.go:284.78,288.12 3 1
github.com/D4ROVAN1E/LR_3_Go/binarytree/binary_tree.go:288.12,290.3 1 1
github.com/D4ROVAN1E/LR_3_Go/binarytree/binary_tree.go:291.2,291.69 1 1
github.com/D4ROVAN1E/LR_3_Go/binarytree/binary_tree.go:291.69,293.3 1 0
github.com/D4ROVAN1E/LR_3_Go/binarytree/binary_tree.go:295.2,295.12 1 1
github.com/D4ROVAN1E/LR_3_Go/binarytree/binary_tree.go:295.12,296.72 1 1
github.com/D4ROVAN1E/LR_3_Go/binarytree/binary_tree.go:296.72,298.4 1 0
github.com/D4ROVAN1E/LR_3_Go/binarytree/binary_tree.go:299.3,299.58 1 1
github.com/D4ROVAN1E/LR_3_Go/binarytree/binary_tree.go:299.58,301.4 1 0
github.com/D4ROVAN1E/LR_3_Go/binarytree/binary_tree.go:302.3,302.59 1 1
github.com/D4ROVAN1E/LR_3_Go/binarytree/binary_tree.go:302.59,304.4 1 0
github.com/D4ROVAN1E/LR_3_Go/binarytree/binary_tree.go:306.2,306.12 1 1
github.com/D4ROVAN1E/LR_3_Go/binarytree/binary_tree.go:309.63,311.16 2 1
github.com/D4ROVAN1E/LR_3_Go/binarytree/binary_tree.go:311.16,313.3 1 1
github.com/D4ROVAN1E/LR_3_Go/binarytree/binary_tree.go:314.2,320.16 5 1
github.com/D4ROVAN1E/LR_3_Go/binarytree/binary_tree.go:320.16,324.3 2 1
github.com/D4ROVAN1E/LR_3_Go/binarytree/binary_tree.go:325.2,326.12 2 1
github.com/D4ROVAN1E/LR_3_Go/binarytree/binary_tree.go:329.81,331.69 2 1
github.com/D4ROVAN1E/LR_3_Go/binarytree/binary_tree.go:331.69,332.20 1 1
github.com/D4ROVAN1E/LR_3_Go/binarytree/binary_tree.go:332.20,334.4 1 1
github.com/D4ROVAN1E/LR_3_Go/binarytree/binary_tree.go:335.3,335.13 1 0
github.com/D4ROVAN1E/LR_3_Go/binarytree/binary_tree.go:338.2,338.32 1 1
github.com/D4ROVAN1E/LR_3_Go/binarytree/binary_tree.go:338.32,340.3 1 1
github.com/D4ROVAN1E/LR_3_Go/binarytree/binary_tree.go:342.2,342.17 1 1
github.com/D4ROVAN1E/LR_3_Go/binarytree/binary_tree.go:342.17,344.67 2 1
github.com/D4ROVAN1E/LR_3_Go/binarytree/binary_tree.go:344.67,346.4 1 1
github.com/D4ROVAN1E/LR_3_Go/binarytree/binary_tree.go:347.3,349.64 3 1
github.com/D4ROVAN1E/LR_3_Go/binarytree/binary_tree.go:349.64,351.4 1 1
github.com/D4ROVAN1E/LR_3_Go/binarytree/binary_tree.go:352.3,352.65 1 1
github.com/D4ROVAN1E/LR_3_Go/binarytree/binary_tree.go:352.65,354.4 1 0
github.com/D4ROVAN1E/LR_3_Go/binarytree/binary_tree.go:355.8,357.3 1 1
github.com/D4ROVAN1E/LR_3_Go/binarytree/binary_tree.go:358.2,358.12 1 1
github.com/D4ROVAN1E/LR_3_Go/doublylist/doubly_list.go:25.51,27.2 1 1
github.com/D4ROVAN1E/LR_3_Go/doublylist/doubly_list.go:30.51,31.19 1 1
github.com/D4ROVAN1E/LR_3_Go/doublylist/doubly_list.go:31.19,33.3 1 1
github.com/D4ROVAN1E/LR_3_Go/doublylist/doubly_list.go:34.2,37.12 4 1
github.com/D4ROVAN1E/LR_3_Go/doublylist/doubly_list.go:41.42,43.19 2 1
github.com/D4ROVAN1E/LR_3_Go/doublylist/doubly_list.go:43.19,45.3 1 1
github.com/D4ROVAN1E/LR_3_Go/doublylist/doubly_list.go:45.8,47.3 1 1
github.com/D4ROVAN1E/LR_3_Go/doublylist/doubly_list.go:48.2,48.18 1 1
github.com/D4ROVAN1E/LR_3_Go/doublylist/doubly_list.go:52.42,54.19 2 1
github.com/D4ROVAN1E/LR_3_Go/doublylist/doubly_list.go:54.19,56.3 1 1
github.com/D4ROVAN1E/LR_3_Go/doublylist/doubly_list.go:56.8,58.3 1 1
github.com/D4ROVAN1E/LR_3_Go/doublylist/doubly_list.go:59.2,59.18 1 1
github.com/D4ROVAN1E/LR_3_Go/doublylist/doubly_list.go:63.42,64.19 1 1
github.com/D4ROVAN1E/LR_3_Go/doublylist/doubly_list.go:64.19,66.3 1 1
github.com/D4ROVAN1E/LR_3_Go/doublylist/doubly_list.go:67.2,68.19 2 1
github.com/D4ROVAN1E/LR_3_Go/doublylist/doubly_list.go:68.19,70.3 1 1
github.com/D4ROVAN1E/LR_3_Go/doublylist/doubly_list.go:70.8,72.3 1 1
github.com/D4ROVAN1E/LR_3_Go/doublylist/doubly_list.go:73.2,73.12 1 1
github.com/D4ROVAN1E/LR_3_Go/doublylist/doubly_list.go:77.42,78.19 1 1
github.com/D4ROVAN1E/LR_3_Go/doublylist/doubly_list.go:78.19,80.3 1 1
github.com/D4ROVAN1E/LR_3_Go/doublylist/doubly_list.go:81.2,82.19 2 1
github.com/D4ROVAN1E/LR_3_Go/doublylist/doubly_list.go:82.19,84.3 1 1
github.com/D4ROVAN1E/LR_3_Go/doublylist/doubly_list.go:84.8,86.3 1 1
github.com/D4ROVAN1E/LR_3_Go/doublylist/doubly_list.go:87.2,87.12 1 1
github.com/D4ROVAN1E/LR_3_Go/doublylist/doubly_list.go:91.53,93.21 2 1
github.com/D4ROVAN1E/LR_3_Go/doublylist/doubly_list.go:93.21,94.25 1 1
github.com/D4ROVAN1E/LR_3_Go/doublylist/doubly_list.go:94.25,96.4 1 1
github.com/D4ROVAN1E/LR_3_Go/doublylist/doubly_list.go:97.3,97.25 1 1
github.com/D4ROVAN1E/LR_3_Go/doublylist/doubly_list.go:99.2,99.12 1 1
github.com/D4ROVAN1E/LR_3_Go/doublylist/doubly_list.go:103.66,105.23 2 1
github.com/D4ROVAN1E/LR_3_Go/doublylist/doubly_list.go:105.23,107.3 1 1
github.com/D4ROVAN1E/LR_3_Go/doublylist/doubly_list.go:109.2,109.26 1 1
github.com/D4ROVAN1E/LR_3_Go/doublylist/doubly_list.go:109.26,112.3 2 1
github.com/D4ROVAN1E/LR_3_Go/doublylist/doubly_list.go:114.2,117.12 4 1
github.com/D4ROVAN1E/LR_3_Go/doublylist/doubly_list.go:121.65,123.23 2 1
github.com/D4ROVAN1E/LR_3_Go/doublylist/doubly_list.go:123.23,125.3 1 1
github.com/D4ROVAN1E/LR_3_Go/doublylist/doubly_list.go:127.2,127.26 1 1
github.com/D4ROVAN1E/LR_3_Go/doublylist/doubly_list.go:127.26,130.3 2 1
github.com/D4ROVAN1E/LR_3_Go/doublylist/doubly_list.go:132.2,135.12 4 1
github.com/D4ROVAN1E/LR_3_Go/doublylist/doubly_list.go:139.54,141.23 2 1
github.com/D4ROVAN1E/LR_3_Go/doublylist/doubly_list.go:141.23,143.3 1 1
github.com/D4ROVAN1E/LR_3_Go/doublylist/doubly_list.go:144.2,144.28 1 1
github.com/D4ROVAN1E/LR_3_Go/doublylist/doubly_list.go:144.28,146.3 1 1
github.com/D4ROVAN1E/LR_3_Go/doublylist/doubly_list.go:148.2,149.28 2 1
github.com/D4ROVAN1E/LR_3_Go/doublylist/doubly_list.go:149.28,151.3 1 1
github.com/D4ROVAN1E/LR_3_Go/doublylist/doubly_list.go:153.2,154.30 2 1
github.com/D4ROVAN1E/LR_3_Go/doublylist/doubly_list.go:154.30,156.3 1 1
github.com/D4ROVAN1E/LR_3_Go/doublylist/doubly_list.go:158.2,158.12 1 1
github.com/D4ROVAN1E/LR_3_Go/doublylist/doubly_list.go:162.55,164.23 2 1
github.com/D4ROVAN1E/LR_3_Go/doublylist/doubly_list.go:164.23,166.3 1 1
github.com/D4ROVAN1E/LR_3_Go/doublylist/doubly_list.go:167.2,167.28 1 1
github.com/D4ROVAN1E/LR_3_Go/doublylist/doubly_list.go:167.28,169.3 1 1
github.com/D4ROVAN1E/LR_3_Go/doublylist/doubly_list.go:171.2,172.28 2 1
github.com/D4ROVAN1E/LR_3_Go/doublylist/doubly_list.go:172.28,174.3 1 1
github.com/D4ROVAN1E/LR_3_Go/doublylist/doubly_list.go:176.2,177.30 2 1
github.com/D4ROVAN1E/LR_3_Go/doublylist/doubly_list.go:177.30,179.3 1 1
github.com/D4ROVAN1E/LR_3_Go/doublylist/doubly_list.go:180.2,180.12 1 1
github.com/D4ROVAN1E/LR_3_Go/doublylist/doubly_list.go:184.50,186.23 2 1
github.com/D4ROVAN1E/LR_3_Go/doublylist/doubly_list.go:186.23,188.3 1 1
github.com/D4ROVAN1E/LR_3_Go/doublylist/doubly_list.go:190.2,190.26 1 1
github.com/D4ROVAN1E/LR_3_Go/doublylist/doubly_list.go:190.26,192.3 1 1
github.com/D4ROVAN1E/LR_3_Go/doublylist/doubly_list.go:193.2,193.26 1 1
github.com/D4ROVAN1E/LR_3_Go/doublylist/doubly_list.go:193.26,195.3 1 1
github.com/D4ROVAN1E/LR_3_Go/doublylist/doubly_list.go:197.2,199.12 3 1
github.com/D4ROVAN1E/LR_3_Go/doublylist/doubly_list.go:203.48,206.21 3 1
github.com/D4ROVAN1E/LR_3_Go/doublylist/doubly_list.go:206.21,209.3 2 1
github.com/D4ROVAN1E/LR_3_Go/doublylist/doubly_list.go:210.2,210.16 1 1
github.com/D4ROVAN1E/LR_3_Go/doublylist/doubly_list.go:214.62,215.16 1 1
github.com/D4ROVAN1E/LR_3_Go/doublylist/doubly_list.go:216.9,217.20 1 1
github.com/D4ROVAN1E/LR_3_Go/doublylist/doubly_list.go:217.20,220.4 2 1
github.com/D4ROVAN1E/LR_3_Go/doublylist/doubly_list.go:221.3,223.22 3 1
github.com/D4ROVAN1E/LR_3_Go/doublylist/doubly_list.go:223.22,226.4 2 1
github.com/D4ROVAN1E/LR_3_Go/doublylist/doubly_list.go:227.3,227.29 1 1
github.com/D4ROVAN1E/LR_3_Go/doublylist/doubly_list.go:228.9,229.20 1 1
github.com/D4ROVAN1E/LR_3_Go/doublylist/doubly_list.go:229.20,232.4 2 1
github.com/D4ROVAN1E/LR_3_Go/doublylist/doubly_list.go:233.3,235.22 3 1
github.com/D4ROVAN1E/LR_3_Go/doublylist/doubly_list.go:235.22,238.4 2 1
github.com/D4ROVAN1E/LR_3_Go/doublylist/doubly_list.go:239.3,239.29 1 1
github.com/D4ROVAN1E/LR_3_Go/doublylist/doubly_list.go:240.10,241.70 1 1
github.com/D4ROVAN1E/LR_3_Go/doublylist/doubly_list.go:243.2,243.12 1 1
github.com/D4ROVAN1E/LR_3_Go/doublylist/doubly_list.go:247.54,249.16 2 1
github.com/D4ROVAN1E/LR_3_Go/doublylist/doubly_list.go:249.16,251.3 1 1
github.com/D4ROVAN1E/LR_3_Go/doublylist/doubly_list.go:252.2,255.21 3 1
github.com/D4ROVAN1E/LR_3_Go/doublylist/doubly_list.go:255.21,256.66 1 1
github.com/D4ROVAN1E/LR_3_Go/doublylist/doubly_list.go:256.66,258.4 1 0
github.com/D4ROVAN1E/LR_3_Go/doublylist/doubly_list.go:259.3,259.25 1 1
github.com/D4ROVAN1E/LR_3_Go/doublylist/doubly_list.go:261.2,262.12 2 1
github.com/D4ROVAN1E/LR_3_Go/doublylist/doubly_list.go:266.54,268.16 2 1
github.com/D4ROVAN1E/LR_3_Go/doublylist/doubly_list.go:268.16,270.3 1 1
github.com/D4ROVAN1E/LR_3_Go/doublylist/doubly_list.go:271.2,278.6 5 1
github.com/D4ROVAN1E/LR_3_Go/doublylist/doubly_list.go:278.6,280.17 2 1
github.com/D4ROVAN1E/LR_3_Go/doublylist/doubly_list.go:280.17,281.21 1 1
github.com/D4ROVAN1E/LR_3_Go/doublylist/doubly_list.go:281.21,282.10 1 1
github.com/D4ROVAN1E/LR_3_Go/doublylist/doubly_list.go:284.4,284.14 1 0
github.com/D4ROVAN1E/LR_3_Go/doublylist/doubly_list.go:286.3,286.21 1 1
github.com/D4ROVAN1E/LR_3_Go/doublylist/doubly_list.go:288.2,289.12 2 1
github.com/D4ROVAN1E/LR_3_Go/doublylist/doubly_list.go:293.57,295.16 2 1
github.com/D4ROVAN1E/LR_3_Go/doublylist/doubly_list.go:295.16,297.3 1 1
github.com/D4ROVAN1E/LR_3_Go/doublylist/doubly_list.go:298.2,301.21 3 1
github.com/D4ROVAN1E/LR_3_Go/doublylist/doubly_list.go:301.21,303.78 1 1
github.com/D4ROVAN1E/LR_3_Go/doublylist/doubly_list.go:303.78,305.4 1 0
github.com/D4ROVAN1E/LR_3_Go/doublylist/doubly_list.go:306.3,306.25 1 1
github.com/D4ROVAN1E/LR_3_Go/doublylist/doubly_list.go:308.2,309.12 2 1
github.com/D4ROVAN1E/LR_3_Go/doublylist/doubly_list.go:313.57,315.16 2 1
github.com/D4ROVAN1E/LR_3_Go/doublylist/doubly_list.go:315.16,317.3 1 1
github.com/D4ROVAN1E/LR_3_Go/doublylist/doubly_list.go:318.2,324.6 5 1
github.com/D4ROVAN1E/LR_3_Go/doublylist/doubly_list.go:324.6,326.17 2 1
github.com/D4ROVAN1E/LR_3_Go/doublylist/doubly_list.go:326.17,327.21 1 1
github.com/D4ROVAN1E/LR_3_Go/doublylist/doubly_list.go:327.21,328.10 1 1
github.com/D4ROVAN1E/LR_3_Go/doublylist/doubly_list.go:330.4,330.14 1 0
github.com/D4ROVAN1E/LR_3_Go/doublylist/doubly_list.go:332.3,332.21 1 1
github.com/D4ROVAN1E/LR_3_Go/doublylist/doubly_list.go:334.2,335.12 2 1
github.com/D4ROVAN1E/LR_3_Go/array/array.go:15.34,19.2 1 1
github.com/D4ROVAN1E/LR_3_Go/array/array.go:22.48,23.13 1 1
github.com/D4ROVAN1E/LR_3_Go/array/array.go:23.13,25.3 1 1
github.com/D4ROVAN1E/LR_3_Go/array/array.go:27.2,29.3 1 1
github.com/D4ROVAN1E/LR_3_Go/array/array.go:33.34,35.2 1 1
github.com/D4ROVAN1E/LR_3_Go/array/array.go:38.38,40.2 1 1
github.com/D4ROVAN1E/LR_3_Go/array/array.go:43.38,46.2 1 1
github.com/D4ROVAN1E/LR_3_Go/array/array.go:49.46,50.39 1 1
github.com/D4ROVAN1E/LR_3_Go/array/array.go:50.39,53.3 2 1
github.com/D4ROVAN1E/LR_3_Go/array/array.go:54.2,54.27 1 1
github.com/D4ROVAN1E/LR_3_Go/array/array.go:58.50,59.39 1 1
github.com/D4ROVAN1E/LR_3_Go/array/array.go:59.39,61.3 1 1
github.com/D4ROVAN1E/LR_3_Go/array/array.go:62.2,63.12 2 1
github.com/D4ROVAN1E/LR_3_Go/array/array.go:67.58,68.38 1 1
github.com/D4ROVAN1E/LR_3_Go/array/array.go:68.38,70.3 1 1
github.com/D4ROVAN1E/LR_3_Go/array/array.go:72.2,72.26 1 1
github.com/D4ROVAN1E/LR_3_Go/array/array.go:72.26,75.3 2 1
github.com/D4ROVAN1E/LR_3_Go/array/array.go:76.2,78.12 3 1
github.com/D4ROVAN1E/LR_3_Go/array/array.go:82.49,83.39 1 1
github.com/D4ROVAN1E/LR_3_Go/array/array.go:83.39,85.3 1 1
github.com/D4ROVAN1E/LR_3_Go/array/array.go:86.2,87.12 2 1
github.com/D4ROVAN1E/LR_3_Go/array/array.go:91.56,92.39 1 1
github.com/D4ROVAN1E/LR_3_Go/array/array.go:92.39,94.3 1 1
github.com/D4ROVAN1E/LR_3_Go/array/array.go:95.2,96.12 2 1
github.com/D4ROVAN1E/LR_3_Go/array/array.go:100.38,104.2 3 1
github.com/D4ROVAN1E/LR_3_Go/array/array.go:107.50,108.26 1 1
github.com/D4ROVAN1E/LR_3_Go/array/array.go:108.26,110.3 1 1
github.com/D4ROVAN1E/LR_3_Go/array/array.go:112.2,115.12 4 1
github.com/D4ROVAN1E/LR_3_Go/array/array.go:119.47,120.27 1 1
github.com/D4ROVAN1E/LR_3_Go/array/array.go:120.27,122.3 1 1
github.com/D4ROVAN1E/LR_3_Go/array/array.go:123.2,124.12 2 1
github.com/D4ROVAN1E/LR_3_Go/array/array.go:128.52,130.16 2 1
github.com/D4ROVAN1E/LR_3_Go/array/array.go:130.16,132.3 1 1
github.com/D4ROVAN1E/LR_3_Go/array/array.go:133.2,136.29 3 1
github.com/D4ROVAN1E/LR_3_Go/array/array.go:136.29,139.3 1 1
github.com/D4ROVAN1E/LR_3_Go/array/array.go:140.2,140.12 1 1
github.com/D4ROVAN1E/LR_3_Go/array/array.go:144.52,146.16 2 1
github.com/D4ROVAN1E/LR_3_Go/array/array.go:146.16,148.3 1 1
github.com/D4ROVAN1E/LR_3_Go/array/array.go:149.2,152.53 3 1
github.com/D4ROVAN1E/LR_3_Go/array/array.go:152.53,154.3 1 1
github.com/D4ROVAN1E/LR_3_Go/array/array.go:157.2,159.31 2 1
github.com/D4ROVAN1E/LR_3_Go/array/array.go:159.31,162.50 2 1
github.com/D4ROVAN1E/LR_3_Go/array/array.go:162.50,164.9 1 1
github.com/D4ROVAN1E/LR_3_Go/array/array.go:166.3,166.31 1 1
github.com/D4ROVAN1E/LR_3_Go/array/array.go:169.2,169.28 1 1
github.com/D4ROVAN1E/LR_3_Go/array/array.go:169.28,171.3 1 1
github.com/D4ROVAN1E/LR_3_Go/array/array.go:172.2,172.12 1 1
github.com/D4ROVAN1E/LR_3_Go/array/array.go:176.54,178.16 2 1
github.com/D4ROVAN1E/LR_3_Go/array/array.go:178.16,180.3 1 1
github.com/D4ROVAN1E/LR_3_Go/array/array.go:181.2,184.70 3 1
github.com/D4ROVAN1E/LR_3_Go/array/array.go:184.70,186.3 1 0
github.com/D4ROVAN1E/LR_3_Go/array/array.go:188.2,188.14 1 1
github.com/D4ROVAN1E/LR_3_Go/array/array.go:188.14,189.73 1 1
github.com/D4ROVAN1E/LR_3_Go/array/array.go:189.73,191.4 1 1
github.com/D4ROVAN1E/LR_3_Go/array/array.go:193.2,193.12 1 1
github.com/D4ROVAN1E/LR_3_Go/array/array.go:197.54,199.16 2 1
github.com/D4ROVAN1E/LR_3_Go/array/array.go:199.16,201.3 1 1
github.com/D4ROVAN1E/LR_3_Go/array/array.go:202.2,205.73 3 1
github.com/D4ROVAN1E/LR_3_Go/array/array.go:205.73,207.3 1 1
github.com/D4ROVAN1E/LR_3_Go/array/array.go:209.2,210.17 2 1
github.com/D4ROVAN1E/LR_3_Go/array/array.go:210.17,211.72 1 1
github.com/D4ROVAN1E/LR_3_Go/array/array.go:211.72,213.4 1 1
github.com/D4ROVAN1E/LR_3_Go/array/array.go:215.2,215.12 1 1
github.com/D4ROVAN1E/LR_3_Go/queue/queue.go:27.48,28.20 1 1
github.com/D4ROVAN1E/LR_3_Go/queue/queue.go:28.20,30.3 1 1
github.com/D4ROVAN1E/LR_3_Go/queue/queue.go:31.2,37.3 1 1
github.com/D4ROVAN1E/LR_3_Go/queue/queue.go:41.29,43.22 2 1
github.com/D4ROVAN1E/LR_3_Go/queue/queue.go:43.22,45.3 1 1
github.com/D4ROVAN1E/LR_3_Go/queue/queue.go:46.2,49.31 2 1
github.com/D4ROVAN1E/LR_3_Go/queue/queue.go:49.31,51.3 1 1
github.com/D4ROVAN1E/LR_3_Go/queue/queue.go:53.2,56.18 4 1
github.com/D4ROVAN1E/LR_3_Go/queue/queue.go:60.34,61.27 1 1
github.com/D4ROVAN1E/LR_3_Go/queue/queue.go:61.27,63.3 1 1
github.com/D4ROVAN1E/LR_3_Go/queue/queue.go:64.2,66.11 3 1
github.com/D4ROVAN1E/LR_3_Go/queue/queue.go:70.37,72.18 2 1
github.com/D4ROVAN1E/LR_3_Go/queue/queue.go:72.18,74.3 1 1
github.com/D4ROVAN1E/LR_3_Go/queue/queue.go:76.2,82.19 6 1
github.com/D4ROVAN1E/LR_3_Go/queue/queue.go:86.37,87.18 1 1
github.com/D4ROVAN1E/LR_3_Go/queue/queue.go:87.18,90.3 2 1
github.com/D4ROVAN1E/LR_3_Go/queue/queue.go:91.2,91.28 1 1
github.com/D4ROVAN1E/LR_3_Go/queue/queue.go:95.35,97.2 1 1
github.com/D4ROVAN1E/LR_3_Go/queue/queue.go:100.31,102.2 1 1
github.com/D4ROVAN1E/LR_3_Go/queue/queue.go:105.38,115.2 3 1
github.com/D4ROVAN1E/LR_3_Go/queue/queue.go:118.39,120.18 2 1
github.com/D4ROVAN1E/LR_3_Go/queue/queue.go:120.18,123.3 2 1
github.com/D4ROVAN1E/LR_3_Go/queue/queue.go:124.2,124.31 1 1
github.com/D4ROVAN1E/LR_3_Go/queue/queue.go:124.31,127.3 2 1
github.com/D4ROVAN1E/LR_3_Go/queue/queue.go:128.2,128.17 1 1
github.com/D4ROVAN1E/LR_3_Go/queue/queue.go:134.52,136.16 2 1
github.com/D4ROVAN1E/LR_3_Go/queue/queue.go:136.16,138.3 1 1
github.com/D4ROVAN1E/LR_3_Go/queue/queue.go:139.2,142.55 2 1
github.com/D4ROVAN1E/LR_3_Go/queue/queue.go:142.55,144.3 1 0
github.com/D4ROVAN1E/LR_3_Go/queue/queue.go:147.2,147.31 1 1
github.com/D4ROVAN1E/LR_3_Go/queue/queue.go:147.31,149.52 2 1
github.com/D4ROVAN1E/LR_3_Go/queue/queue.go:149.52,151.4 1 0
github.com/D4ROVAN1E/LR_3_Go/queue/queue.go:153.2,153.12 1 1
github.com/D4ROVAN1E/LR_3_Go/queue/queue.go:157.52,159.16 2 1
github.com/D4ROVAN1E/LR_3_Go/queue/queue.go:159.16,161.3 1 1
github.com/D4ROVAN1E/LR_3_Go/queue/queue.go:162.2,165.53 3 1
github.com/D4ROVAN1E/LR_3_Go/queue/queue.go:165.53,167.3 1 1
github.com/D4ROVAN1E/LR_3_Go/queue/queue.go:170.2,175.31 4 1
github.com/D4ROVAN1E/LR_3_Go/queue/queue.go:175.31,179.50 2 1
github.com/D4ROVAN1E/LR_3_Go/queue/queue.go:179.50,182.4 1 1
github.com/D4ROVAN1E/LR_3_Go/queue/queue.go:183.3,183.14 1 1
github.com/D4ROVAN1E/LR_3_Go/queue/queue.go:186.2,186.24 1 1
github.com/D4ROVAN1E/LR_3_Go/queue/queue.go:186.24,188.3 1 0
github.com/D4ROVAN1E/LR_3_Go/queue/queue.go:190.2,190.12 1 1
github.com/D4ROVAN1E/LR_3_Go/queue/queue.go:196.54,198.16 2 1
github.com/D4ROVAN1E/LR_3_Go/queue/queue.go:198.16,200.3 1 1
github.com/D4ROVAN1E/LR_3_Go/queue/queue.go:201.2,206.48 3 1
github.com/D4ROVAN1E/LR_3_Go/queue/queue.go:206.48,208.3 1 0
github.com/D4ROVAN1E/LR_3_Go/queue/queue.go:211.2,211.31 1 1
github.com/D4ROVAN1E/LR_3_Go/queue/queue.go:211.31,213.45 2 1
github.com/D4ROVAN1E/LR_3_Go/queue/queue.go:213.45,215.4 1 1
github.com/D4ROVAN1E/LR_3_Go/queue/queue.go:217.2,217.12 1 1
github.com/D4ROVAN1E/LR_3_Go/queue/queue.go:221.54,223.16 2 1
github.com/D4ROVAN1E/LR_3_Go/queue/queue.go:223.16,225.3 1 1
github.com/D4ROVAN1E/LR_3_Go/queue/queue.go:226.2,231.49 4 1
github.com/D4ROVAN1E/LR_3_Go/queue/queue.go:231.49,233.3 1 1
github.com/D4ROVAN1E/LR_3_Go/queue/queue.go:236.2,240.31 4 1
github.com/D4ROVAN1E/LR_3_Go/queue/queue.go:240.31,242.46 2 1
github.com/D4ROVAN1E/LR_3_Go/queue/queue.go:242.46,243.21 1 1
github.com/D4ROVAN1E/LR_3_Go/queue/queue.go:243.21,245.5 1 0
github.com/D4ROVAN1E/LR_3_Go/queue/queue.go:246.4,246.14 1 1
github.com/D4ROVAN1E/LR_3_Go/queue/queue.go:248.3,248.14 1 1
github.com/D4ROVAN1E/LR_3_Go/queue/queue.go:251.2,251.12 1 1
github.com/D4ROVAN1E/LR_3_Go/cuckoo/ch.go:29.55,30.15 1 1
github.com/D4ROVAN1E/LR_3_Go/cuckoo/ch.go:30.15,32.3 1 1
github.com/D4ROVAN1E/LR_3_Go/cuckoo/ch.go:33.2,37.3 1 1
github.com/D4ROVAN1E/LR_3_Go/cuckoo/ch.go:41.48,46.2 4 1
github.com/D4ROVAN1E/LR_3_Go/cuckoo/ch.go:49.51,51.32 2 1
github.com/D4ROVAN1E/LR_3_Go/cuckoo/ch.go:51.32,53.3 1 1
github.com/D4ROVAN1E/LR_3_Go/cuckoo/ch.go:54.2,56.57 3 1
github.com/D4ROVAN1E/LR_3_Go/cuckoo/ch.go:60.51,62.32 2 1
github.com/D4ROVAN1E/LR_3_Go/cuckoo/ch.go:62.32,64.3 1 1
github.com/D4ROVAN1E/LR_3_Go/cuckoo/ch.go:65.2,66.42 2 1
github.com/D4ROVAN1E/LR_3_Go/cuckoo/ch.go:66.42,68.3 1 1
github.com/D4ROVAN1E/LR_3_Go/cuckoo/ch.go:69.2,69.15 1 1
github.com/D4ROVAN1E/LR_3_Go/cuckoo/ch.go:72.44,74.2 1 1
github.com/D4ROVAN1E/LR_3_Go/cuckoo/ch.go:76.35,84.39 6 1
github.com/D4ROVAN1E/LR_3_Go/cuckoo/ch.go:84.39,85.29 1 1
github.com/D4ROVAN1E/LR_3_Go/cuckoo/ch.go:85.29,87.4 1 1
github.com/D4ROVAN1E/LR_3_Go/cuckoo/ch.go:92.54,95.56 2 1
github.com/D4ROVAN1E/LR_3_Go/cuckoo/ch.go:95.56,98.3 2 1
github.com/D4ROVAN1E/LR_3_Go/cuckoo/ch.go:99.2,100.56 2 1
github.com/D4ROVAN1E/LR_3_Go/cuckoo/ch.go:100.56,103.3 2 0
github.com/D4ROVAN1E/LR_3_Go/cuckoo/ch.go:105.2,105.21 1 1
github.com/D4ROVAN1E/LR_3_Go/cuckoo/ch.go:105.21,109.3 2 1
github.com/D4ROVAN1E/LR_3_Go/cuckoo/ch.go:111.2,115.46 3 1
github.com/D4ROVAN1E/LR_3_Go/cuckoo/ch.go:115.46,116.39 1 1
github.com/D4ROVAN1E/LR_3_Go/cuckoo/ch.go:116.39,120.4 3 1
github.com/D4ROVAN1E/LR_3_Go/cuckoo/ch.go:123.3,129.25 4 1
github.com/D4ROVAN1E/LR_3_Go/cuckoo/ch.go:129.25,131.4 1 1
github.com/D4ROVAN1E/LR_3_Go/cuckoo/ch.go:131.9,133.4 1 1
github.com/D4ROVAN1E/LR_3_Go/cuckoo/ch.go:137.2,138.47 2 1
github.com/D4ROVAN1E/LR_3_Go/cuckoo/ch.go:142.46,144.56 2 1
github.com/D4ROVAN1E/LR_3_Go/cuckoo/ch.go:144.56,146.3 1 1
github.com/D4ROVAN1E/LR_3_Go/cuckoo/ch.go:148.2,149.56 2 1
github.com/D4ROVAN1E/LR_3_Go/cuckoo/ch.go:149.56,151.3 1 1
github.com/D4ROVAN1E/LR_3_Go/cuckoo/ch.go:153.2,153.26 1 1
github.com/D4ROVAN1E/LR_3_Go/cuckoo/ch.go:153.26,154.79 1 1
github.com/D4ROVAN1E/LR_3_Go/cuckoo/ch.go:154.79,156.4 1 1
github.com/D4ROVAN1E/LR_3_Go/cuckoo/ch.go:159.2,159.12 1 1
github.com/D4ROVAN1E/LR_3_Go/cuckoo/ch.go:163.50,165.56 2 1
github.com/D4ROVAN1E/LR_3_Go/cuckoo/ch.go:165.56,169.3 3 1
github.com/D4ROVAN1E/LR_3_Go/cuckoo/ch.go:171.2,172.56 2 1
github.com/D4ROVAN1E/LR_3_Go/cuckoo/ch.go:172.56,176.3 3 1
github.com/D4ROVAN1E/LR_3_Go/cuckoo/ch.go:177.2,177.14 1 1
github.com/D4ROVAN1E/LR_3_Go/cuckoo/ch.go:181.40,183.2 1 1
github.com/D4ROVAN1E/LR_3_Go/cuckoo/ch.go:186.39,188.2 1 1
github.com/D4ROVAN1E/LR_3_Go/cuckoo/ch.go:191.34,192.26 1 1
github.com/D4ROVAN1E/LR_3_Go/cuckoo/ch.go:192.26,194.3 1 1
github.com/D4ROVAN1E/LR_3_Go/cuckoo/ch.go:195.2,195.22 1 1
github.com/D4ROVAN1E/LR_3_Go/cuckoo/ch.go:199.34,202.44 3 1
github.com/D4ROVAN1E/LR_3_Go/cuckoo/ch.go:202.44,203.29 1 1
github.com/D4ROVAN1E/LR_3_Go/cuckoo/ch.go:203.29,205.4 1 1
github.com/D4ROVAN1E/LR_3_Go/cuckoo/ch.go:207.2,207.44 1 1
github.com/D4ROVAN1E/LR_3_Go/cuckoo/ch.go:213.63,215.16 2 1
github.com/D4ROVAN1E/LR_3_Go/cuckoo/ch.go:215.16,217.3 1 1
github.com/D4ROVAN1E/LR_3_Go/cuckoo/ch.go:218.2,221.88 2 1
github.com/D4ROVAN1E/LR_3_Go/cuckoo/ch.go:221.88,223.3 1 0
github.com/D4ROVAN1E/LR_3_Go/cuckoo/ch.go:225.2,225.44 1 1
github.com/D4ROVAN1E/LR_3_Go/cuckoo/ch.go:225.44,226.29 1 1
github.com/D4ROVAN1E/LR_3_Go/cuckoo/ch.go:226.29,227.100 1 1
github.com/D4ROVAN1E/LR_3_Go/cuckoo/ch.go:227.100,229.5 1 0
github.com/D4ROVAN1E/LR_3_Go/cuckoo/ch.go:232.2,233.12 2 1
github.com/D4ROVAN1E/LR_3_Go/cuckoo/ch.go:237.65,239.16 2 1
github.com/D4ROVAN1E/LR_3_Go/cuckoo/ch.go:239.16,241.3 1 1
github.com/D4ROVAN1E/LR_3_Go/cuckoo/ch.go:242.2,245.77 3 1
github.com/D4ROVAN1E/LR_3_Go/cuckoo/ch.go:245.77,247.3 1 1
github.com/D4ROVAN1E/LR_3_Go/cuckoo/ch.go:249.2,253.6 4 1
github.com/D4ROVAN1E/LR_3_Go/cuckoo/ch.go:253.6,260.20 5 1
github.com/D4ROVAN1E/LR_3_Go/cuckoo/ch.go:260.20,261.9 1 1
github.com/D4ROVAN1E/LR_3_Go/cuckoo/ch.go:263.3,263.17 1 1
github.com/D4ROVAN1E/LR_3_Go/cuckoo/ch.go:263.17,265.4 1 0
github.com/D4ROVAN1E/LR_3_Go/cuckoo/ch.go:267.3,267.25 1 1
github.com/D4ROVAN1E/LR_3_Go/cuckoo/ch.go:267.25,269.4 1 1
github.com/D4ROVAN1E/LR_3_Go/cuckoo/ch.go:269.9,271.4 1 1
github.com/D4ROVAN1E/LR_3_Go/cuckoo/ch.go:274.2,275.12 2 1
github.com/D4ROVAN1E/LR_3_Go/cuckoo/ch.go:279.62,281.16 2 1
github.com/D4ROVAN1E/LR_3_Go/cuckoo/ch.go:281.16,283.3 1 1
github.com/D4ROVAN1E/LR_3_Go/cuckoo/ch.go:284.2,287.78 2 1
github.com/D4ROVAN1E/LR_3_Go/cuckoo/ch.go:287.78,289.3 1 0
github.com/D4ROVAN1E/LR_3_Go/cuckoo/ch.go:290.2,290.82 1 1
github.com/D4ROVAN1E/LR_3_Go/cuckoo/ch.go:290.82,292.3 1 0
github.com/D4ROVAN1E/LR_3_Go/cuckoo/ch.go:294.2,294.44 1 1
github.com/D4ROVAN1E/LR_3_Go/cuckoo/ch.go:294.44,296.75 2 1
github.com/D4ROVAN1E/LR_3_Go/cuckoo/ch.go:296.75,298.4 1 0
github.com/D4ROVAN1E/LR_3_Go/cuckoo/ch.go:300.3,300.15 1 1
github.com/D4ROVAN1E/LR_3_Go/cuckoo/ch.go:300.15,304.74 3 1
github.com/D4ROVAN1E/LR_3_Go/cuckoo/ch.go:304.74,306.5 1 0
github.com/D4ROVAN1E/LR_3_Go/cuckoo/ch.go:307.4,307.50 1 1
github.com/D4ROVAN1E/LR_3_Go/cuckoo/ch.go:307.50,309.5 1 0
github.com/D4ROVAN1E/LR_3_Go/cuckoo/ch.go:311.4,311.85 1 1
github.com/D4ROVAN1E/LR_3_Go/cuckoo/ch.go:311.85,313.5 1 0
github.com/D4ROVAN1E/LR_3_Go/cuckoo/ch.go:316.2,317.12 2 1
github.com/D4ROVAN1E/LR_3_Go/cuckoo/ch.go:321.64,323.16 2 1
github.com/D4ROVAN1E/LR_3_Go/cuckoo/ch.go:323.16,325.3 1 1
github.com/D4ROVAN1E/LR_3_Go/cuckoo/ch.go:326.2,329.78 3 1
github.com/D4ROVAN1E/LR_3_Go/cuckoo/ch.go:329.78,331.3 1 1
github.com/D4ROVAN1E/LR_3_Go/cuckoo/ch.go:332.2,332.82 1 1
github.com/D4ROVAN1E/LR_3_Go/cuckoo/ch.go:332.82,334.3 1 1
github.com/D4ROVAN1E/LR_3_Go/cuckoo/ch.go:336.2,340.44 4 1
github.com/D4ROVAN1E/LR_3_Go/cuckoo/ch.go:340.44,342.75 2 1
github.com/D4ROVAN1E/LR_3_Go/cuckoo/ch.go:342.75,344.4 1 1
github.com/D4ROVAN1E/LR_3_Go/cuckoo/ch.go:346.3,346.15 1 1
github.com/D4ROVAN1E/LR_3_Go/cuckoo/ch.go:346.15,348.74 2 1
github.com/D4ROVAN1E/LR_3_Go/cuckoo/ch.go:348.74,350.5 1 1
github.com/D4ROVAN1E/LR_3_Go/cuckoo/ch.go:352.4,353.55 2 1
github.com/D4ROVAN1E/LR_3_Go/cuckoo/ch.go:353.55,355.5 1 1
github.com/D4ROVAN1E/LR_3_Go/cuckoo/ch.go:357.4,358.73 2 1
github.com/D4ROVAN1E/LR_3_Go/cuckoo/ch.go:358.73,360.5 1 1
github.com/D4ROVAN1E/LR_3_Go/cuckoo/ch.go:362.4,366.5 1 1
github.com/D4ROVAN1E/LR_3_Go/cuckoo/ch.go:367.9,369.4 1 1
github.com/D4ROVAN1E/LR_3_Go/cuckoo/ch.go:372.2,373.12 2 1
